[reason8.ai/index.html]
[backblue.gif]
[fade.gif]
[index.html]
[pozus.io/index.html]
[www.ctchme.com/index.html]
[nautilus-app.tilda.ws/index.html]
[error.agency/index.html]
[ohapp.me/index.html]
[alluxe-app.com/index.html]
[fonts.googleapis.com/csse2c2.css]
[fonts.googleapis.com/cssfbdc.css]
[connect.facebook.net/en_US/fbevents.js]
[www.facebook.com/tr97b8.gif]
[mc.yandex.ru/metrika/watch.js]
[www.google-analytics.com/analytics.js]
[reason8.ai/images/220x65xdownload_appstore.png.pagespeed.ic.MEw1FBLWYa.png]
[reason8.ai/images/xiPhone_Home.png.pagespeed.ic.05qk5Ybptn.png]
[reason8.ai/images/xabout_iphone.png.pagespeed.ic.gv-_o6MleM.png]
[reason8.ai/images/xiPhone02.png.pagespeed.ic.IBhjmuTspT.png]
[reason8.ai/images/xcase1.jpg.pagespeed.ic.g4mHEyU4wC.jpg]
[reason8.ai/images/xcase6.jpg.pagespeed.ic.J3bbV5a9KK.jpg]
[reason8.ai/images/xcase3.jpg.pagespeed.ic.q3w44AV0Zv.jpg]
[reason8.ai/images/xcase4.jpg.pagespeed.ic.KG_ZjBFdE0.jpg]
[reason8.ai/images/xcase5.jpg.pagespeed.ic.vUHk3Ozgua.jpg]
[reason8.ai/images/xcase7.jpg.pagespeed.ic.Wd5V9pY6Uv.jpg]
[reason8.ai/images/xcase2.jpg.pagespeed.ic.2YAa-b-Nvy.jpg]
[reason8.ai/images/xdownload_screen_left.png.pagespeed.ic.E15tfQGomF.png]
[reason8.ai/images/xdownload_screen_right.png.pagespeed.ic.rzryl-toRS.png]
[reason8.ai/images/xdownload_screen_left2.png.pagespeed.ic.fGM2zXM70I.png]
[reason8.ai/images/xdownload_screen_right2.png.pagespeed.ic.ZZDsXPEKgk.png]
[reason8.ai/js/bootstrap.min.js+owl.carousel.js+jquery.fitvids.js.pagespeed.jc._csAK7NYV5.js]
[reason8.ai/index.html]
[ajax.googleapis.com/ajax/libs/jquery/3.2.1/jquery.min.js]
[static.wixstatic.com/media/7e4465_1dbeb30e4f4f49278410ded963f75a40_mv2.png/v1/fill/w_32,h_32,lg_1,usm_0.66_1.00_0.01/7e4465_1dbeb30e4f4f49278410ded963f75a40_mv2.png]
[static.parastorage.com/services/third-party/requirejs/2.1.15/require.min.js]
[static.parastorage.com/services/santa/1.2635.10/app/main-r.min.js]
[static.parastorage.com/unpkg/lodash@4.17.4/lodash.min.js]
[static.parastorage.com/unpkg/zepto@1.2.0/dist/zepto.min.js]
[static.parastorage.com/unpkg/react@15.5.4/dist/react-with-addons.min.js]
[www.ctchme.com/sitemap.xml]
[fonts.googleapis.com/index.html]
[www.ctchme.com/feed.xml]
[www.ctchme.com/index.html]
[error.agency/assets/css/application.css]
[error.agency/assets/js/vendor/modernizr-2.6.2.min.js]
[error.agency/apple-touch-icon-57x57.png]
[error.agency/assets/images/favicons/apple-touch-icon-114x114.png]
[error.agency/apple-touch-icon-72x72.png]
[error.agency/apple-touch-icon-144x144.png]
[error.agency/apple-touch-icon-60x60.png]
[error.agency/apple-touch-icon-120x120.png]
[error.agency/apple-touch-icon-76x76.png]
[error.agency/apple-touch-icon-152x152.png]
[error.agency/apple-touch-icon-180x180.png]
[error.agency/favicon-192x192.png]
[error.agency/favicon-160x160.png]
[error.agency/favicon-96x96.png]
[error.agency/favicon-16x16.png]
[error.agency/favicon-32x32.png]
[error.agency/assets/img/logo-black.svg]
[error.agency/cdn-cgi/l/email-protection.html]
[error.agency/cdn-cgi/scripts/af2821b0/cloudflare-static/email-decode.min.js]
[fonts.googleapis.com/css4d6b.css]
[error.agency/assets/img/home-grid/logo-bbc.png]
[error.agency/case-studies/bbc-bitesize/index.html]
[error.agency/assets/img/home-grid/tate-widget.png]
[error.agency/assets/img/home-grid/bmt-coin.jpg]
[error.agency/assets/img/home-grid/dada-logo.png]
[error.agency/assets/img/home-grid/bush-phone.jpg]
[error.agency/case-studies/circuit-tate/index.html]
[error.agency/case-studies/birmingham-museums/index.html]
[error.agency/case-studies/bush-theatre/index.html]
[error.agency/assets/img/home-grid/bbc-coast.png]
[error.agency/case-studies/dadafest/index.html]
[error.agency/case-studies/st-johns-college/index.html]
[error.agency/case-studies/liverpool-museums/index.html]
[error.agency/assets/img/home-grid/sjc-photo.jpg]
[error.agency/assets/img/home-grid/nml-ipad.jpg]
[error.agency/assets/img/home-grid/JL01.jpg]
[error.agency/case-studies/littlebigplanet/index.html]
[error.agency/assets/img/home-grid/JL02.jpg]
[error.agency/assets/img/home-grid/mm-map.png]
[error.agency/case-studies/mapping-memory/index.html]
[error.agency/assets/img/team-andy.jpg]
[error.agency/assets/img/home-grid/cdec-phone.jpg]
[error.agency/assets/img/home-grid/artplayer-logo.png]
[error.agency/case-studies/team-locum/index.html]
[error.agency/case-studies/open-health-data-platform/index.html]
[error.agency/assets/img/home-grid/old/home-tl.jpg]
[error.agency/assets/img/home-grid/rooftop-logo.png]
[error.agency/assets/img/home-grid/billy-logo.png]
[error.agency/case-studies/artplayer-tv/index.html]
[error.agency/assets/img/home-grid/opensensors-logo.png]
[error.agency/assets/img/home-grid/opensensors-city.png]
[error.agency/assets/img/home-grid/sony-logo.png]
[error.agency/assets/img/home-grid/stt-logo.png]
[error.agency/assets/img/home-grid/hightide.jpg]
[ajax.googleapis.com/ajax/libs/jquery/1.11.1/jquery.min.js]
[error.agency/assets/js/vendor/packery.pkgd.min.js]
[error.agency/assets/js/vendor/typed.min.js]
[error.agency/assets/js/bower_components/waypoints/lib/jquery.waypoints.min.js]
[error.agency/assets/js/main.js]
[error.agency/index.html]
[pozus.io/css/ytplayer.css]
[pozus.io/css/bootstrap/css/bootstrap.min.css]
[pozus.io/css/animate.css]
[pozus.io/css/fonts.css]
[pozus.io/css/styles.css]
[pozus.io/img/favicon.png]
[pozus.io/img/logo.png]
[pozus.io/img/phone.png]
[pozus.io/img/player-1.png]
[pozus.io/img/player-2.png]
[pozus.io/img/technology-phone.png]
[pozus.io/img/graph.png]
[pozus.io/img/solutions-1.png]
[pozus.io/img/solutions-2.png]
[pozus.io/img/solutions-3.png]
[pozus.io/img/solutions-4.png]
[pozus.io/img/solutions-5.png]
[pozus.io/img/solutions-6.png]
[pozus.io/img/close.svg]
[pozus.io/js/jquery-3.1.1.min.js]
[pozus.io/css/bootstrap/js/bootstrap.min.js]
[pozus.io/js/ytplayer.js]
[pozus.io/js/wow.js]
[pozus.io/js/scripts.js]
[pozus.io/index.html]
[static.tildacdn.com/tild3661-6532-4734-a235-336132323236/logo_150.png]
[static.tildacdn.com/index.html]
[static.tildacdn.com/tild3862-3834-4961-b466-643563373162/favicon_3.ico]
[static.tildacdn.com/css/tilda-grid-3.0.min.css]
[tilda.ws/project412629/tilda-blocks-2.12f875.css]
[static.tildacdn.com/css/tilda-animation-1.0.min.css]
[static.tildacdn.com/css/tilda-slds-1.4.min.css]
[static.tildacdn.com/css/tilda-zoom-2.0.min.css]
[static.tildacdn.com/js/jquery-1.10.2.min.js]
[static.tildacdn.com/js/tilda-scripts-2.8.min.js]
[tilda.ws/project412629/tilda-blocks-2.7f875.js]
[static.tildacdn.com/js/tilda-animation-1.0.min.js]
[static.tildacdn.com/js/tilda-slds-1.4.min.js]
[static.tildacdn.com/js/hammer.min.js]
[static.tildacdn.com/js/tilda-zoom-2.0.min.js]
[static.tildacdn.com/js/lazyload-1.3.min.js]
[static.tildacdn.com/tild6136-6330-4262-b361-626565316538/logo_75.png]
[static.tildacdn.com/tild3965-3532-4666-b137-356337386634/-/resize/20x/775863.png]
[static.tildacdn.com/tild6562-6361-4237-b833-366462316331/-/resize/20x/powerpointtemplate.jpg]
[static.tildacdn.com/lib/tildaicon/33353433-6564-4636-b637-616635396663/-/empty/27as_auto_customising.png]
[static.tildacdn.com/lib/tildaicon/62633138-6235-4038-a136-663065373061/-/empty/3st_discount2.png]
[static.tildacdn.com/tild6338-3530-4631-a532-633635343464/w1.png]
[static.tildacdn.com/tild6338-3530-4631-a532-633635343464/-/resize/20x/w1.png]
[static.tildacdn.com/tild6632-6232-4337-b239-646562333964/m1.png]
[static.tildacdn.com/tild6632-6232-4337-b239-646562333964/-/resize/20x/m1.png]
[static.tildacdn.com/tild6161-3630-4431-b037-633764656237/1.png]
[static.tildacdn.com/tild6161-3630-4431-b037-633764656237/-/resize/20x/1.png]
[static.tildacdn.com/tild6665-6234-4131-b739-613935643039/w2.png]
[static.tildacdn.com/tild6665-6234-4131-b739-613935643039/-/resize/20x/w2.png]
[static.tildacdn.com/tild6462-3061-4565-b437-366564343661/boy1.png]
[static.tildacdn.com/tild6462-3061-4565-b437-366564343661/-/resize/20x/boy1.png]
[static.tildacdn.com/tild3166-3839-4436-b139-313532343638/-/resize/20x/qrcodescanner.jpg]
[static.tildacdn.com/tild3166-3839-4436-b139-313532343638/qrcodescanner.jpg]
[static.tildacdn.com/tild3436-3861-4433-b630-363865656531/-/resize/20x/scan_Pass.jpg]
[static.tildacdn.com/tild3436-3861-4433-b630-363865656531/scan_Pass.jpg]
[static.tildacdn.com/tild3261-3333-4133-a132-376165303065/-/resize/20x/cardscan_1.png]
[static.tildacdn.com/tild3261-3333-4133-a132-376165303065/cardscan_1.png]
[static.tildacdn.com/tild6465-6565-4264-b938-303261636231/-/resize/20x/5.png]
[static.tildacdn.com/tild6465-6565-4264-b938-303261636231/5.png]
[static.tildacdn.com/tild3234-6137-4032-b231-663238653736/-/resize/20x/s45.png]
[static.tildacdn.com/tild3234-6137-4032-b231-663238653736/s45.png]
[static.tildacdn.com/tild6366-6165-4461-b936-666131373233/-/resize/20x/s62.png]
[static.tildacdn.com/tild6366-6165-4461-b936-666131373233/s62.png]
[static.tildacdn.com/tild3034-3263-4466-b364-643837393633/-/resize/20x/account_kid.png]
[static.tildacdn.com/tild3034-3263-4466-b364-643837393633/account_kid.png]
[static.tildacdn.com/tild3735-3364-4233-b034-306234356366/-/resize/20x/s2.png]
[static.tildacdn.com/tild3735-3364-4233-b034-306234356366/s2.png]
[static.tildacdn.com/tild6337-3130-4336-a265-316437646431/-/resize/20x/success_payment.png]
[static.tildacdn.com/tild6337-3130-4336-a265-316437646431/success_payment.png]
[static.tildacdn.com/tild3364-6666-4532-a263-346231303264/-/empty/1.png]
[static.tildacdn.com/tild3364-6666-4532-a263-346231303264/1.png]
[static.tildacdn.com/tild6230-3532-4265-b330-333332656635/-/empty/2.png]
[static.tildacdn.com/tild6230-3532-4265-b330-333332656635/2.png]
[static.tildacdn.com/tild6331-3831-4130-b862-393861303465/-/empty/3.png]
[static.tildacdn.com/tild6331-3831-4130-b862-393861303465/3.png]
[static.tildacdn.com/tild3533-3930-4433-a561-646334643531/4.png]
[static.tildacdn.com/tild3239-3932-4332-b666-323735656361/-/empty/5.png]
[static.tildacdn.com/tild3239-3932-4332-b666-323735656361/5.png]
[static.tildacdn.com/lib/tildaicon/32376664-6530-4766-a264-336665366133/-/empty/9ta_moneybox.png]
[static.tildacdn.com/lib/tildaicon/39306332-6632-4133-b165-373361353762/-/empty/Layer_12.png]
[static.tildacdn.com/lib/tildaicon/35373061-3061-4862-a564-626533383636/-/empty/photostudio_tea.png]
[static.tildacdn.com/tild6232-3933-4463-b464-396535323962/happy_big_6.png]
[static.tildacdn.com/tild6232-3933-4463-b464-396535323962/-/resize/20x/happy_big_6.png]
[static.tildacdn.com/tild3233-6632-4731-a661-353966303439/-/empty/logo_AppStore.png]
[static.tildacdn.com/tild6234-3662-4161-b532-383965326330/-/empty/en_badge_web_generic.png]
[static.tildacdn.com/img/tildacopy.png]
[d31j93rd8oukbv.cloudfront.net/metrika/watch_ua.js]
[mc.yandex.ru/watch/46344558.gif]
[nautilus-app.tilda.ws/index.html]
[rm-content.s3.amazonaws.com/531cdd566c81776f43be0138/upload-20c1e810-16d6-11e6-a95f-85d73459f041_144.png]
[rm-content.s3.amazonaws.com/531cdd566c81776f43be0138/upload-20c1e810-16d6-11e6-a95f-85d73459f041_114.png]
[rm-content.s3.amazonaws.com/531cdd566c81776f43be0138/upload-20c1e810-16d6-11e6-a95f-85d73459f041_72.png]
[rm-content.s3.amazonaws.com/531cdd566c81776f43be0138/upload-20c1e810-16d6-11e6-a95f-85d73459f041_57.png]
[ohapp.me/for-girls-en/index.html]
[ohapp.me/api/readymag/u24596666/4917202aee]
[plus.google.com/105502199532525442597.html]
[d1id5eheivyv24.cloudfront.net/2017-12-15-1c2205f963b4ced2/build/js/viewer_vendor.js]
[d1id5eheivyv24.cloudfront.net/2017-12-15-1c2205f963b4ced2/build/js/viewer_app.js]
[d1id5eheivyv24.cloudfront.net/2017-12-15-1c2205f963b4ced2/build/css/viewer_desktop.css]
[ohapp.me/fonts/avenir/e8b9c8fa-dbfb-4576-9394-ae85e87cb00387c9.woff2]
[ohapp.me/fonts/avenir/fb555151-cbda-4728-b28d-6e5f085c2d55ae7f.woff]
[ohapp.me/fonts/avenir/1704d161-44ab-4854-a066-fe47d583a3a67b2c.woff2]
[ohapp.me/fonts/avenir/95aa7ca1-de33-40d9-ae40-ff045fcada664abc.woff]
[ohapp.me/fonts/avenir/c4ec49e5-4817-4f05-9bee-cec6f46f9d610667.woff2]
[ohapp.me/fonts/avenir/8e0e32b3-034a-41e8-bd15-c22974ebcdb556dc.woff]
[www.facebook.com/tr149e.gif]
[ohapp.me/index.html]
[alluxe-app.com/img/og-logo.png]
[alluxe-app.com/img/favicons/apple-touch-icon.png]
[alluxe-app.com/img/favicons/favicon-32x32.png]
[alluxe-app.com/img/favicons/favicon-16x16.png]
[alluxe-app.com/img/favicons/safari-pinned-tab.svg]
[alluxe-app.com/img/favicons/favicon.ico]
[alluxe-app.com/img/favicons/browserconfig.xml]
[alluxe-app.com/css/vendor.min.css]
[alluxe-app.com/css/main.min.css]
[alluxe-app.com/img/notsupport-icon.png]
[alluxe-app.com/partnership.html]
[alluxe-app.com/img/bg/bg-01.png]
[alluxe-app.com/Sequence_01_2_1.webm]
[alluxe-app.com/Sequence_01_2_1.mp4]
[alluxe-app.com/img/slides/slide-01.png]
[alluxe-app.com/img/slides/slide-02.png]
[alluxe-app.com/img/slides/slide-03.png]
[alluxe-app.com/img/slides/slide-04.png]
[alluxe-app.com/img/slides/slide-05.png]
[alluxe-app.com/Background_Citys1.webm]
[alluxe-app.com/Background_Citys1.mp4]
[mc.yandex.ru/watch/45403191.gif]
[alluxe-app.com/js/main.min.js]
[alluxe-app.com/index.html]
[alluxe-app.com/js/vendor.min.js]
[fonts.googleapis.com/csse2c2.css]
[fonts.googleapis.com/cssfbdc.css]
[static.wixstatic.com/index.html]
[fonts.googleapis.com/index.html]
[fonts.googleapis.com/css4d6b.css]
[error.agency/cdn-cgi/l/email-protection.html]
[error.agency/wp-content/themes/wpstem/assets/css/bootstrap.css]
[fast.fonts.com/cssapi/43d24282-4625-469e-a115-182e2eaf7eeb.css]
[error.agency/wp-content/themes/wpstem/assets/css/style.css]
[error.agency/xmlrpc.php]
[error.agency/wp-content/themes/wpstem/assets/images/favicons/apple-touch-icon-57x57.png]
[error.agency/wp-content/themes/wpstem/assets/images/favicons/apple-touch-icon-114x114.png]
[error.agency/wp-content/themes/wpstem/assets/images/favicons/apple-touch-icon-72x72.png]
[error.agency/wp-content/themes/wpstem/assets/images/favicons/apple-touch-icon-144x144.png]
[error.agency/wp-content/themes/wpstem/assets/images/favicons/apple-touch-icon-60x60.png]
[error.agency/wp-content/themes/wpstem/assets/images/favicons/apple-touch-icon-120x120.png]
[error.agency/wp-content/themes/wpstem/assets/images/favicons/apple-touch-icon-76x76.png]
[error.agency/wp-content/themes/wpstem/assets/images/favicons/apple-touch-icon-152x152.png]
[error.agency/wp-content/themes/wpstem/assets/images/favicons/apple-touch-icon-180x180.png]
[error.agency/wp-content/themes/wpstem/assets/images/favicons/favicon-192x192.png]
[error.agency/wp-content/themes/wpstem/assets/images/favicons/favicon-160x160.png]
[error.agency/wp-content/themes/wpstem/assets/images/favicons/favicon-96x96.png]
[error.agency/wp-content/themes/wpstem/assets/images/favicons/favicon-16x16.png]
[error.agency/wp-content/themes/wpstem/assets/images/favicons/favicon-32x32.png]
[error.agency/wp-content/uploads/2013/07/bbc-hero.png]
[error.agency/wp-content/uploads/2013/07/bbc-11.png]
[error.agency/wp-content/uploads/2013/07/bbc-12.png]
[error.agency/wp-content/uploads/2013/07/bbc-13.png]
[error.agency/wp-content/uploads/2013/07/bbc-03.png]
[error.agency/wp-content/uploads/2013/07/bbc-04.png]
[error.agency/wp-content/uploads/2013/07/bbc-05.png]
[error.agency/wp-content/uploads/2013/07/bbc-01.png]
[error.agency/wp-content/uploads/2013/07/bbc-02.png]
[error.agency/wp-content/uploads/2013/07/bbc-06.png]
[error.agency/wp-content/uploads/2013/07/bbc-07.png]
[error.agency/wp-content/uploads/2013/07/bbc-08.png]
[error.agency/wp-content/uploads/2013/07/bbc-09.png]
[error.agency/wp-content/uploads/2013/07/bbc-10.png]
[error.agency/wp-content/themes/wpstem/assets/images/error-logo-footer.png]
[connect.facebook.net/en_US/all.js]
[error.agency/case-studies/bbc-bitesize/index.html]
[error.agency/wp-content/uploads/2014/04/tate-hero.jpg]
[error.agency/wp-content/uploads/2014/04/tate-01.jpg]
[error.agency/wp-content/uploads/2014/04/tate-02.jpg]
[error.agency/wp-content/uploads/2014/04/tate-03.jpg]
[error.agency/wp-content/uploads/2014/04/tate-04.jpg]
[error.agency/wp-content/uploads/2014/04/tate-05.jpg]
[error.agency/wp-content/uploads/2014/04/tate-06.jpg]
[error.agency/wp-content/uploads/2014/04/tate-07.jpg]
[error.agency/wp-content/uploads/2014/04/tate-08.jpg]
[error.agency/wp-content/uploads/2014/04/tate-09.jpg]
[error.agency/case-studies/circuit-tate/index.html]
[error.agency/wp-content/uploads/2014/12/bmt-hero.jpg]
[error.agency/wp-content/uploads/2014/12/bmt-01.jpg]
[error.agency/wp-content/uploads/2014/12/bmt-02.jpg]
[error.agency/wp-content/uploads/2014/12/bmt-03.jpg]
[error.agency/wp-content/uploads/2014/12/bmt-05.jpg]
[error.agency/wp-content/uploads/2014/12/bmt-04.jpg]
[error.agency/wp-content/uploads/2014/12/bmt-08.jpg]
[error.agency/wp-content/uploads/2014/12/bmt-09.jpg]
[error.agency/wp-content/uploads/2014/12/bmt-10.jpg]
[error.agency/wp-content/uploads/2014/12/bmt-06.jpg]
[error.agency/wp-content/uploads/2014/12/bmt-07.jpg]
[error.agency/case-studies/birmingham-museums/index.html]
[error.agency/wp-content/uploads/2014/12/hero-bush.jpg]
[error.agency/wp-content/uploads/2014/11/bush-01.jpg]
[error.agency/wp-content/uploads/2014/11/bush-08.jpg]
[error.agency/wp-content/uploads/2014/11/bush-03.jpg]
[error.agency/wp-content/uploads/2014/11/bush-07.jpg]
[error.agency/wp-content/uploads/2014/11/bush-06.jpg]
[error.agency/wp-content/uploads/2014/11/bush-02.jpg]
[error.agency/wp-content/uploads/2014/11/bush-09.jpg]
[error.agency/wp-content/uploads/2014/11/bush-05.jpg]
[error.agency/wp-content/uploads/2014/12/bg-logo.jpg]
[error.agency/case-studies/bush-theatre/index.html]
[error.agency/wp-content/uploads/2013/02/sjc-hero.jpg]
[error.agency/wp-content/uploads/2013/02/sjc-01.jpg]
[error.agency/wp-content/uploads/2013/02/sjc-02.jpg]
[error.agency/wp-content/uploads/2012/11/St.Johns-new-22.jpg]
[error.agency/wp-content/uploads/2012/11/St.Johns-new-1.jpg]
[error.agency/wp-content/uploads/2013/02/sjc-05.jpg]
[error.agency/wp-content/uploads/2013/02/sjc-06.jpg]
[error.agency/wp-content/uploads/2013/02/sjc-07.jpg]
[error.agency/wp-content/uploads/2013/02/sjc-08.jpg]
[error.agency/wp-content/uploads/2013/02/sjc-09.jpg]
[error.agency/wp-content/uploads/2013/02/sjc-10.jpg]
[error.agency/case-studies/st-johns-college/index.html]
[error.agency/wp-content/uploads/2013/07/nml01-hero.jpg]
[error.agency/wp-content/uploads/2013/07/NML-new-3.jpg]
[error.agency/wp-content/uploads/2013/07/NML-new-4.jpg]
[error.agency/wp-content/uploads/2013/07/nml04.jpg]
[error.agency/wp-content/uploads/2013/07/nml05.jpg]
[error.agency/wp-content/uploads/2013/07/NML-new-1.jpg]
[error.agency/wp-content/uploads/2013/07/NML-new-2.jpg]
[error.agency/wp-content/uploads/2013/07/nml08.jpg]
[error.agency/wp-content/uploads/2013/07/nml09.jpg]
[error.agency/wp-content/uploads/2013/07/nml10.jpg]
[error.agency/case-studies/liverpool-museums/index.html]
[error.agency/wp-content/uploads/2013/02/dada-hero.jpg]
[error.agency/wp-content/uploads/2012/11/dada-01.png]
[error.agency/wp-content/uploads/2013/02/dada-02.jpg]
[error.agency/wp-content/uploads/2013/02/dada-03.png]
[error.agency/wp-content/uploads/2013/02/dada-04.jpg]
[error.agency/wp-content/uploads/2013/02/dada-05.png]
[error.agency/wp-content/uploads/2013/02/dada-06.png]
[error.agency/wp-content/uploads/2013/02/dada-07.jpg]
[error.agency/wp-content/uploads/2013/02/dada-08.jpg]
[error.agency/wp-content/uploads/2013/02/dada-09.jpg]
[error.agency/wp-content/uploads/2012/11/Dada-new-1.jpg]
[error.agency/case-studies/dadafest/index.html]
[error.agency/wp-content/uploads/2013/02/lbp-hero.jpg]
[error.agency/wp-content/uploads/2013/02/lbp-01.jpg]
[error.agency/wp-content/uploads/2013/02/lbp-02.jpg]
[error.agency/wp-content/uploads/2012/11/lbp-03.jpg]
[error.agency/wp-content/uploads/2013/02/lbp-04.jpg]
[error.agency/wp-content/uploads/2012/11/lbp-05.jpg]
[error.agency/wp-content/uploads/2013/02/lbp-06.jpg]
[error.agency/wp-content/uploads/2012/11/LBP-new-1.jpg]
[error.agency/case-studies/littlebigplanet/index.html]
[error.agency/wp-content/uploads/2013/02/mm-hero.jpg]
[error.agency/wp-content/uploads/2013/02/mm-01.jpg]
[error.agency/wp-content/uploads/2013/02/mm-02.jpg]
[error.agency/wp-content/uploads/2013/02/mm-03.jpg]
[error.agency/wp-content/uploads/2013/02/mm-04.jpg]
[error.agency/wp-content/uploads/2012/11/Mapping-memory-new-1.jpg]
[error.agency/wp-content/uploads/2013/02/mm-06.jpg]
[error.agency/wp-content/uploads/2013/02/mm-07.jpg]
[error.agency/wp-content/uploads/2013/02/mm-08.jpg]
[error.agency/wp-content/uploads/2013/02/mm-09.jpg]
[error.agency/wp-content/uploads/2012/11/Mapping-memory-new-2.jpg]
[error.agency/case-studies/mapping-memory/index.html]
[error.agency/wp-content/uploads/2013/02/tl-hero.jpg]
[error.agency/wp-content/uploads/2013/02/tl-03.jpg]
[error.agency/wp-content/uploads/2013/02/tl-04.jpg]
[error.agency/wp-content/uploads/2013/02/tl-05.jpg]
[error.agency/wp-content/uploads/2013/02/tl-06.jpg]
[error.agency/wp-content/uploads/2013/02/tl-01.jpg]
[error.agency/wp-content/uploads/2013/02/tl-02.jpg]
[error.agency/wp-content/uploads/2013/02/tl-07.jpg]
[error.agency/wp-content/uploads/2013/02/tl-08.jpg]
[error.agency/wp-content/uploads/2013/02/tl-09.jpg]
[error.agency/wp-content/uploads/2013/02/tl-10.jpg]
[error.agency/wp-content/uploads/2012/11/Team-locum-new-11.jpg]
[error.agency/case-studies/team-locum/index.html]
[error.agency/wp-content/uploads/2014/04/cdec-hero.jpg]
[error.agency/wp-content/uploads/2014/04/cdec_new-02.jpg]
[error.agency/wp-content/uploads/2014/04/cdec_new-03.jpg]
[error.agency/wp-content/uploads/2014/04/cdec_new-04.jpg]
[error.agency/wp-content/uploads/2014/04/cdec_new-05.jpg]
[error.agency/wp-content/uploads/2014/04/cdec_new-06.jpg]
[error.agency/wp-content/uploads/2014/04/cdec_new-07.jpg]
[error.agency/wp-content/uploads/2014/04/cdec_new-08.jpg]
[error.agency/wp-content/uploads/2014/04/cdec_new-09.jpg]
[error.agency/wp-content/uploads/2014/04/cdec_new-10.jpg]
[error.agency/case-studies/open-health-data-platform/index.html]
[error.agency/wp-content/uploads/2012/11/artplayerMain.png]
[error.agency/wp-content/uploads/2012/11/artplayer1.jpg]
[error.agency/wp-content/uploads/2012/11/ap-01.jpg]
[error.agency/wp-content/uploads/2012/11/artplayer3.jpg]
[error.agency/wp-content/uploads/2012/11/ap-02.jpg]
[error.agency/wp-content/uploads/2012/11/ap-03.jpg]
[error.agency/wp-content/uploads/2012/11/ap-04.jpg]
[error.agency/wp-content/uploads/2012/11/Artplayer-new-11.jpg]
[error.agency/case-studies/artplayer-tv/index.html]
[tilda.ws/index.html]
[ohapp.me/for-girls-en/index.html]
[ohapp.me/for-boys-en/index.html]
[ssl.gstatic.com/images/branding/product/ico/google_plus_alldp.ico]
[apis.google.com/js/api.js]
[plus.google.com/_/PlusAppUi/manifest.json]
[ssl.gstatic.com/images/branding/product/1x/google_plus_192dp.png]
[ssl.gstatic.com/images/branding/google_plus/2x/gplus_icon_flush_76dp.png]
[ssl.gstatic.com/images/branding/google_plus/2x/gplus_icon_flush_60dp.png]
[ssl.gstatic.com/images/branding/google_plus/1x/gplus_icon_flush_76dp.png]
[plus.google.com/android-app_/com.google.android.apps.plus/https/plus.google.com/+Readymag.174.delayed]
[plus.google.com/+Readymag.html]
[plus.google.com/ios-app_/447119634/gplus/plus.google.com/+Readymag.175.delayed]
[lh3.googleusercontent.com/-d9rFUFjFG9Y/UuO6RKpEA6I/AAAAAAAAAFE/dSyrcHQi-q8D_X270YNZ3avDJ7sXLLWpwCJkCGAYYCw/w256-h86-n-no/f2ed6bb826d9b5c6d05111ee0677ad2b.jpg]
[lh3.googleusercontent.com/-PUOSd20v3es/AAAAAAAAAAI/AAAAAAAAAFI/d46xXHBYUF4/s60-p-no/photo.png]
[lh3.googleusercontent.com/-PUOSd20v3es/AAAAAAAAAAI/AAAAAAAAAFI/d46xXHBYUF4/s36-p-k-no/photo.png]
[lh3.googleusercontent.com/proxy/unnamed.jpg]
[lh3.googleusercontent.com/proxy/unnamed-2.jpg]
[lh3.googleusercontent.com/proxy/unnamed-3.jpg]
[lh3.googleusercontent.com/proxy/unnamed-4.jpg]
[lh3.googleusercontent.com/proxy/unnamed-5.jpg]
[lh3.googleusercontent.com/proxy/unnamed-6.jpg]
[lh3.googleusercontent.com/proxy/unnamed-7.jpg]
[lh3.googleusercontent.com/proxy/unnamed-8.jpg]
[lh3.googleusercontent.com/proxy/unnamed-9.jpg]
[lh3.googleusercontent.com/proxy/unnamed-10.jpg]
[plus.google.com/105502199532525442597.html]
[alluxe-app.com/img/favicons/manifest.html]
[alluxe-app.com/partnership.html]
[gmpg.org/xfn/11.html]
[error.agency/xmlrpc.html]
[ohapp.me/for-boys-en/index.html]
[lh3.googleusercontent.com/index.html]
[ssl.gstatic.com/index.html]
[www.gstatic.com/index.html]
[plus.url.google.com/index.html]
[cdn.ampproject.org/index.html]
[plus.google.com/index012f.html]
[plus.google.com/+Readymag.html]
[plus.google.com/android-app_/com.google.android.apps.plus/https/plus.google.com/+Readymag.html]
[plus.google.com/ios-app_/447119634/gplus/plus.google.com/+Readymag.html]
[reason8.ai/css/A.bootstrap.min.css+owl.carousel.css+owl.theme.css+Pe-icon-7-stroke.css+font-awesome.min.css+prettyPhoto.css+style.css+animate.css+responsive.css+jquery.scrollbar.css,Mcc.5yWF1O2TLe.css.pagespee]
[reason8.ai/js/smoothscroll.js+jquery.parallax-1.1.3.js+jquery.prettyPhoto.js+jquery.ajaxchimp.min.js+jquery.ajaxchimp.langs.js+wow.min.js+waypoints.min.js+jquery.counterup.min.js+script.js+jquery.scrollbar.min]
[reason8.ai/css/A.bootstrap.min.css+owl.carousel.css+owl.theme.css+Pe-icon-7-stroke.css+font-awesome.min.css+prettyPhoto.css+style.css+animate.css+responsive.css+jquery.scrollbar.css,Mcc.5yWF1O2TLe.css.pagespee]
[reason8.ai/favicon.ico]
[connect.facebook.net/en_US/fbevents.js]
[error.agency/assets/js/vendor/modernizr-2.6.2.min.js]
[www.googletagmanager.com/gtm5445.html]
[error.agency/cdn-cgi/scripts/af2821b0/cloudflare-static/email-decode.min.js]
[mc.yandex.ru/metrika/watch.js]
[error.agency/assets/img/home-grid/tate-widget.png]
[error.agency/assets/img/home-grid/bmt-coin.jpg]
[error.agency/assets/img/home-grid/dada-logo.png]
[error.agency/assets/img/home-grid/bush-phone.jpg]
[error.agency/assets/img/home-grid/bbc-coast.png]
[error.agency/assets/img/home-grid/sjc-photo.jpg]
[error.agency/assets/img/home-grid/nml-ipad.jpg]
[error.agency/assets/img/home-grid/JL01.jpg]
[error.agency/assets/img/home-grid/JL02.jpg]
[error.agency/assets/img/home-grid/mm-map.png]
[error.agency/assets/img/team-andy.jpg]
[error.agency/assets/img/home-grid/cdec-phone.jpg]
[error.agency/assets/img/home-grid/artplayer-logo.png]
[error.agency/assets/img/home-grid/old/home-tl.jpg]
[error.agency/assets/img/home-grid/rooftop-logo.png]
[error.agency/assets/img/home-grid/billy-logo.png]
[error.agency/assets/img/home-grid/opensensors-logo.png]
[static.parastorage.com/services/third-party/requirejs/2.1.15/require.min.js]
[error.agency/assets/img/home-grid/opensensors-city.png]
[static.parastorage.com/services/santa/1.2635.10/app/main-r.min.js]
[static.wixstatic.com/media/7e4465_1dbeb30e4f4f49278410ded963f75a40_mv2.png/v1/fill/w_32,h_32,lg_1,usm_0.66_1.00_0.01/7e4465_1dbeb30e4f4f49278410ded963f75a40_mv2.png]
[error.agency/assets/img/home-grid/sony-logo.png]
[error.agency/assets/img/home-grid/stt-logo.png]
[error.agency/assets/img/home-grid/hightide.jpg]
[error.agency/assets/js/vendor/packery.pkgd.min.js]
[error.agency/assets/js/vendor/typed.min.js]
[error.agency/assets/js/bower_components/waypoints/lib/jquery.waypoints.min.js]
[pozus.io/img/phone.png]
[pozus.io/img/player-1.png]
[pozus.io/img/solutions-2.png]
[pozus.io/img/solutions-3.png]
[pozus.io/img/solutions-4.png]
[pozus.io/img/solutions-5.png]
[pozus.io/img/solutions-6.png]
[static.tildacdn.com/tild3661-6532-4734-a235-336132323236/logo_150.png]
[static.tildacdn.com/index.html]
[static.tildacdn.com/tild3862-3834-4961-b466-643563373162/favicon_3.ico]
[static.tildacdn.com/js/jquery-1.10.2.min.js]
[static.tildacdn.com/js/tilda-scripts-2.8.min.js]
[static.tildacdn.com/js/tilda-zoom-2.0.min.js]
[static.tildacdn.com/tild6161-3630-4431-b037-633764656237/1.png]
[static.tildacdn.com/tild6665-6234-4131-b739-613935643039/w2.png]
[static.tildacdn.com/tild6462-3061-4565-b437-366564343661/boy1.png]
[static.tildacdn.com/tild3166-3839-4436-b139-313532343638/qrcodescanner.jpg]
[static.tildacdn.com/tild3436-3861-4433-b630-363865656531/scan_Pass.jpg]
[static.tildacdn.com/tild3261-3333-4133-a132-376165303065/cardscan_1.png]
[static.tildacdn.com/tild6465-6565-4264-b938-303261636231/5.png]
[static.tildacdn.com/tild3234-6137-4032-b231-663238653736/s45.png]
[static.tildacdn.com/tild6366-6165-4461-b936-666131373233/s62.png]
[static.tildacdn.com/tild3034-3263-4466-b364-643837393633/account_kid.png]
[static.tildacdn.com/tild3735-3364-4233-b034-306234356366/s2.png]
[static.tildacdn.com/tild3364-6666-4532-a263-346231303264/1.png]
[static.tildacdn.com/tild6230-3532-4265-b330-333332656635/2.png]
[static.tildacdn.com/tild6232-3933-4463-b464-396535323962/happy_big_6.png]
[static.tildacdn.com/tild3533-3930-4433-a561-646334643531/4.png]
[alluxe-app.com/img/bg/bg-01.png]
[alluxe-app.com/Sequence_01_2_1.webm]
[alluxe-app.com/Sequence_01_2_1.mp4]
[alluxe-app.com/img/slides/slide-01.png]
[alluxe-app.com/img/slides/slide-02.png]
[alluxe-app.com/img/slides/slide-03.png]
[alluxe-app.com/img/slides/slide-04.png]
[alluxe-app.com/img/slides/slide-05.png]
[alluxe-app.com/Background_Citys1.webm]
[alluxe-app.com/Background_Citys1.mp4]
[error.agency/wp-content/uploads/2013/07/bbc-hero.png]
[error.agency/wp-content/uploads/2013/07/bbc-11.png]
[error.agency/wp-content/uploads/2013/07/bbc-12.png]
[error.agency/wp-content/uploads/2013/07/bbc-13.png]
[error.agency/wp-content/uploads/2013/07/bbc-03.png]
[error.agency/wp-content/uploads/2013/07/bbc-04.png]
[error.agency/wp-content/uploads/2013/07/bbc-05.png]
[error.agency/wp-content/uploads/2013/07/bbc-01.png]
[error.agency/wp-content/uploads/2013/07/bbc-02.png]
[error.agency/wp-content/uploads/2013/07/bbc-06.png]
[error.agency/wp-content/uploads/2013/07/bbc-07.png]
[error.agency/wp-content/uploads/2013/07/bbc-08.png]
[error.agency/wp-content/uploads/2013/07/bbc-09.png]
[error.agency/wp-content/uploads/2013/07/bbc-10.png]
[error.agency/wp-content/uploads/2014/04/tate-hero.jpg]
[error.agency/wp-content/uploads/2014/04/tate-01.jpg]
[www.ctchme.com/feed.html]
[error.agency/wp-content/uploads/2014/04/tate-02.jpg]
[error.agency/wp-content/uploads/2014/04/tate-03.jpg]
[error.agency/assets/css/application.css]
[error.agency/wp-content/uploads/2014/04/tate-04.jpg]
[error.agency/wp-content/uploads/2014/04/tate-07.jpg]
[error.agency/assets/images/favicons/apple-touch-icon-114x114.html]
[error.agency/wp-content/uploads/2014/04/tate-08.jpg]
[error.agency/wp-content/uploads/2014/04/tate-09.jpg]
[error.agency/wp-content/uploads/2014/12/bmt-hero.jpg]
[error.agency/wp-content/uploads/2014/12/bmt-01.jpg]
[error.agency/wp-content/uploads/2014/12/bmt-02.jpg]
[error.agency/wp-content/uploads/2014/12/bmt-03.jpg]
[error.agency/wp-content/uploads/2014/12/bmt-05.jpg]
[error.agency/wp-content/uploads/2014/12/bmt-04.jpg]
[error.agency/wp-content/uploads/2014/12/bmt-08.jpg]
[error.agency/wp-content/uploads/2014/12/bmt-09.jpg]
[error.agency/wp-content/uploads/2014/12/bmt-10.jpg]
[error.agency/wp-content/uploads/2014/12/bmt-06.jpg]
[error.agency/wp-content/uploads/2014/12/bmt-07.jpg]
[error.agency/wp-content/uploads/2014/12/hero-bush.jpg]
[error.agency/wp-content/uploads/2014/11/bush-01.jpg]
[error.agency/wp-content/uploads/2014/11/bush-08.jpg]
[error.agency/wp-content/uploads/2014/11/bush-03.jpg]
[error.agency/wp-content/uploads/2014/11/bush-07.jpg]
[error.agency/wp-content/uploads/2014/11/bush-06.jpg]
[error.agency/wp-content/uploads/2014/11/bush-02.jpg]
[error.agency/wp-content/uploads/2014/11/bush-09.jpg]
[error.agency/wp-content/uploads/2014/11/bush-05.jpg]
[error.agency/wp-content/uploads/2014/12/bg-logo.jpg]
[error.agency/assets/img/logo-black.svg]
[error.agency/wp-content/uploads/2013/02/sjc-hero.jpg]
[error.agency/wp-content/uploads/2013/02/sjc-01.jpg]
[error.agency/wp-content/uploads/2013/02/sjc-02.jpg]
[error.agency/wp-content/uploads/2012/11/St.Johns-new-22.jpg]
[error.agency/wp-content/uploads/2012/11/St.Johns-new-1.jpg]
[error.agency/wp-content/uploads/2013/02/sjc-06.jpg]
[error.agency/wp-content/uploads/2013/02/sjc-05.jpg]
[error.agency/wp-content/uploads/2013/02/sjc-07.jpg]
[error.agency/wp-content/uploads/2013/02/sjc-08.jpg]
[error.agency/wp-content/uploads/2013/02/sjc-09.jpg]
[error.agency/wp-content/uploads/2013/02/sjc-10.jpg]
[error.agency/wp-content/uploads/2013/07/nml01-hero.jpg]
[error.agency/wp-content/uploads/2013/07/NML-new-3.jpg]
[error.agency/wp-content/uploads/2013/07/NML-new-4.jpg]
[error.agency/wp-content/uploads/2013/07/nml04.jpg]
[error.agency/wp-content/uploads/2013/07/nml05.jpg]
[error.agency/wp-content/uploads/2013/07/NML-new-1.jpg]
[error.agency/wp-content/uploads/2013/07/NML-new-2.jpg]
[error.agency/wp-content/uploads/2013/07/nml08.jpg]
[error.agency/wp-content/uploads/2013/07/nml09.jpg]
[error.agency/wp-content/uploads/2013/07/nml10.jpg]
[error.agency/wp-content/uploads/2013/02/dada-hero.jpg]
[error.agency/wp-content/uploads/2012/11/dada-01.png]
[error.agency/wp-content/uploads/2013/02/dada-02.jpg]
[error.agency/wp-content/uploads/2013/02/dada-03.png]
[error.agency/wp-content/uploads/2013/02/dada-04.jpg]
[error.agency/wp-content/uploads/2013/02/dada-05.png]
[error.agency/wp-content/uploads/2013/02/dada-06.png]
[error.agency/wp-content/uploads/2013/02/dada-07.jpg]
[error.agency/wp-content/uploads/2013/02/dada-08.jpg]
[error.agency/wp-content/uploads/2013/02/dada-09.jpg]
[error.agency/wp-content/uploads/2012/11/Dada-new-1.jpg]
[error.agency/wp-content/uploads/2013/02/lbp-hero.jpg]
[error.agency/wp-content/uploads/2013/02/lbp-01.jpg]
[error.agency/wp-content/uploads/2013/02/lbp-02.jpg]
[error.agency/wp-content/uploads/2012/11/lbp-03.jpg]
[error.agency/wp-content/uploads/2013/02/lbp-04.jpg]
[mc.yandex.ru/watch/45403191.gif]
[error.agency/wp-content/uploads/2012/11/lbp-05.jpg]
[error.agency/wp-content/uploads/2013/02/lbp-06.jpg]
[error.agency/wp-content/uploads/2012/11/LBP-new-1.jpg]
[error.agency/wp-content/uploads/2013/02/mm-hero.jpg]
[error.agency/wp-content/uploads/2013/02/mm-02.jpg]
[error.agency/wp-content/uploads/2013/02/mm-01.jpg]
[error.agency/wp-content/uploads/2013/02/mm-03.jpg]
[error.agency/wp-content/uploads/2013/02/mm-04.jpg]
[error.agency/wp-content/uploads/2012/11/Mapping-memory-new-1.jpg]
[pozus.io/css/ytplayer.css]
[error.agency/wp-content/uploads/2013/02/mm-07.jpg]
[error.agency/wp-content/uploads/2013/02/mm-06.jpg]
[pozus.io/css/bootstrap/css/bootstrap.min.css]
[error.agency/wp-content/uploads/2013/02/mm-08.jpg]
[error.agency/wp-content/uploads/2012/11/Mapping-memory-new-2.jpg]
[error.agency/wp-content/uploads/2013/02/mm-09.jpg]
[error.agency/wp-content/uploads/2013/02/tl-hero.jpg]
[pozus.io/css/animate.css]
[error.agency/wp-content/uploads/2013/02/tl-03.jpg]
[error.agency/wp-content/uploads/2013/02/tl-05.jpg]
[pozus.io/css/fonts.css]
[error.agency/wp-content/uploads/2013/02/tl-06.jpg]
[error.agency/wp-content/uploads/2013/02/tl-01.jpg]
[pozus.io/css/styles.css]
[error.agency/wp-content/uploads/2013/02/tl-02.jpg]
[error.agency/wp-content/uploads/2013/02/tl-07.jpg]
[error.agency/wp-content/uploads/2013/02/tl-08.jpg]
[error.agency/wp-content/uploads/2013/02/tl-09.jpg]
[error.agency/wp-content/uploads/2013/02/tl-10.jpg]
[error.agency/wp-content/uploads/2012/11/Team-locum-new-11.jpg]
[error.agency/wp-content/uploads/2014/04/cdec-hero.jpg]
[error.agency/wp-content/uploads/2014/04/cdec_new-02.jpg]
[error.agency/wp-content/uploads/2014/04/cdec_new-03.jpg]
[error.agency/wp-content/uploads/2014/04/cdec_new-04.jpg]
[error.agency/wp-content/uploads/2014/04/cdec_new-05.jpg]
[error.agency/wp-content/uploads/2014/04/cdec_new-06.jpg]
[error.agency/wp-content/uploads/2014/04/cdec_new-07.jpg]
[error.agency/wp-content/uploads/2014/04/cdec_new-08.jpg]
[error.agency/wp-content/uploads/2014/04/cdec_new-09.jpg]
[error.agency/wp-content/uploads/2014/04/cdec_new-10.jpg]
[pozus.io/img/close.svg]
[error.agency/wp-content/uploads/2012/11/artplayerMain.png]
[error.agency/wp-content/uploads/2012/11/artplayer1.jpg]
[error.agency/wp-content/uploads/2012/11/ap-01.jpg]
[error.agency/wp-content/uploads/2012/11/artplayer3.jpg]
[error.agency/wp-content/uploads/2012/11/ap-02.jpg]
[error.agency/wp-content/uploads/2012/11/ap-04.jpg]
[error.agency/wp-content/uploads/2012/11/Artplayer-new-11.jpg]
[error.agency/wp-content/uploads/2012/11/ap-03.jpg]
[apis.google.com/js/api.js]
[static.tildacdn.com/css/tilda-grid-3.0.min.css]
[tilda.ws/project412629/tilda-blocks-2.12f875.css]
[static.tildacdn.com/css/tilda-animation-1.0.min.css]
[static.tildacdn.com/css/tilda-slds-1.4.min.css]
[static.tildacdn.com/css/tilda-zoom-2.0.min.css]
[tilda.ws/project412629/tilda-blocks-2.7f875.js]
[d31j93rd8oukbv.cloudfront.net/metrika/watch_ua.js]
[d1id5eheivyv24.cloudfront.net/2017-12-15-1c2205f963b4ced2/js/libs/soundcloud.api.js]
[d1id5eheivyv24.cloudfront.net/2017-12-15-1c2205f963b4ced2/build/css/viewer_desktop.css]
[alluxe-app.com/img/favicons/safari-pinned-tab.svg]
[alluxe-app.com/css/vendor.min.css]
[alluxe-app.com/css/main.min.css]
[alluxe-app.com/js/vendor.min.js]
[alluxe-app.com/js/main.min.js]
[error.agency/wp-content/themes/wpstem/assets/css/bootstrap.css]
[error.agency/wp-content/themes/wpstem/assets/css/style.css]
[fast.fonts.com/cssapi/43d24282-4625-469e-a115-182e2eaf7eeb.css]
[connect.facebook.net/en_US/all.js]
[ohapp.me/for-boys-en/index.html]
[cdn.ampproject.org/index.html]
[static.tildacdn.com/tild3533-3930-4433-a561-646334643531/-/empty/4.png]
[error.agency/case-studies/bbc-bitesize/index.html]
[error.agency/case-studies/circuit-tate/index.html]
[error.agency/case-studies/st-johns-college/index.html]
[error.agency/case-studies/dadafest/index.html]
[error.agency/case-studies/littlebigplanet/index.html]
[error.agency/case-studies/mapping-memory/index.html]
[error.agency/case-studies/team-locum/index.html]
[error.agency/case-studies/open-health-data-platform/index.html]
[error.agency/case-studies/artplayer-tv/index.html]
